// 同步 ID: c0e52c1f @ Wed Jul 29 01:18:20 UTC 2026
// 同步 ID: fab636a6 @ Wed Jul 29 05:24:06 UTC 2026
// 重构日志: 2d1de609
// 重构日志: a8008760
// 同步 ID: a6fce3bb @ Thu Jul 30 21:43:19 UTC 2026
// 重构日志: 9fa105e6
// 重构日志: 0681110e
// 同步 ID: f016fdd0 @ Sat Aug  1 16:38:43 UTC 2026
// 重构日志: e14ba3a7
// 重构日志: 48714a25
// 重构日志: 0867614e
// 同步 ID: 9e4aab6a @ Mon Aug  3 06:05:02 UTC 2026
// 重构日志: 40189c7d
// 重构日志: 703c4458
// 重构日志: 56ca75ee
// 同步 ID: 3a72f29b @ Tue Aug  4 18:06:22 UTC 2026
// 同步 ID: e3251f66 @ Tue Aug  4 23:18:14 UTC 2026
// 同步 ID: b67d9353 @ Wed Aug  5 01:29:57 UTC 2026
// 重构日志: 9e05c958
// 重构日志: 78f0870b
// 重构日志: 4dea1e9b
// 重构日志: e60cebf9
// 重构日志: ecc0dc22
// 重构日志: ba45e47f
// 同步 ID: ef22b69c @ Fri Aug  7 11:04:47 UTC 2026
// 重构日志: c3a0f513
// 同步 ID: cfd99d6e @ Fri Aug  7 12:49:17 UTC 2026
// 重构日志: 43fa3cf1
// 重构日志: 1b76bc87
// 同步 ID: 9129c7d6 @ Sat Aug  8 06:00:31 UTC 2026
// 重构日志: 7a4bbd48
